// Jest Snapshot v1, https://goo.gl/fbAQLP

exports[`renders correctly 1`] = `
Array [
  <View
    style={
      Object {
        "flex": 1,
        "flexDirection": "row",
        "justifyContent": "space-around",
        "marginBottom": 20,
      }
    }
  >
    <RCTProgressView
      progress={0.01}
      progressViewStyle="bar"
      style={
        Array [
          Object {
            "height": 2,
          },
          Object {
            "alignSelf": "center",
            "width": 150,
          },
        ]
      }
    />
    <View
      accessible={true}
      isTVSelectable={true}
      onResponderGrant={[Function]}
      onResponderMove={[Function]}
      onResponderRelease={[Function]}
      onResponderTerminate={[Function]}
      onResponderTerminationRequest={[Function]}
      onStartShouldSetResponder={[Function]}
      style={
        Object {
          "border": 1,
          "opacity": 1,
        }
      }
    >
      <Text
        style={
          Object {
            "fontSize": 24,
          }
        }
      >
        Matt
      </Text>
    </View>
  </View>,
  <View
    style={
      Object {
        "flex": 1,
        "flexDirection": "row",
        "justifyContent": "space-around",
        "marginBottom": 20,
      }
    }
  >
    <RCTProgressView
      progress={0.01}
      progressViewStyle="bar"
      style={
        Array [
          Object {
            "height": 2,
          },
          Object {
            "alignSelf": "center",
            "width": 150,
          },
        ]
      }
    />
    <View
      accessible={true}
      isTVSelectable={true}
      onResponderGrant={[Function]}
      onResponderMove={[Function]}
      onResponderRelease={[Function]}
      onResponderTerminate={[Function]}
      onResponderTerminationRequest={[Function]}
      onStartShouldSetResponder={[Function]}
      style={
        Object {
          "border": 1,
          "opacity": 1,
        }
      }
    >
      <Text
        style={
          Object {
            "fontSize": 24,
          }
        }
      >
        Amy
      </Text>
    </View>
  </View>,
  <View
    accessibilityRole="button"
    accessibilityStates={Array []}
    accessible={true}
    isTVSelectable={true}
    onResponderGrant={[Function]}
    onResponderMove={[Function]}
    onResponderRelease={[Function]}
    onResponderTerminate={[Function]}
    onResponderTerminationRequest={[Function]}
    onStartShouldSetResponder={[Function]}
    style={
      Object {
        "opacity": 1,
      }
    }
  >
    <View
      style={
        Array [
          Object {},
        ]
      }
    >
      <Text
        style={
          Array [
            Object {
              "color": "#007AFF",
              "fontSize": 18,
              "padding": 8,
              "textAlign": "center",
            },
          ]
        }
      >
        Reset times
      </Text>
    </View>
  </View>,
]
`;
